// Jest Snapshot v1, https://goo.gl/fbAQLP

exports[`<TagComponent /> should render the component 1`] = `
<div
  class="sc-bdfBQB njdSo"
  type="success"
>
  teste
</div>
`;
